edges
| NotConstantTimeCryptoComparison.java:15:28:15:44 | doFinal(...) : byte[] | NotConstantTimeCryptoComparison.java:16:43:16:51 | actualMac |
| NotConstantTimeCryptoComparison.java:31:28:31:40 | sign(...) : byte[] | NotConstantTimeCryptoComparison.java:32:40:32:48 | signature |
| NotConstantTimeCryptoComparison.java:48:22:48:46 | doFinal(...) : byte[] | NotConstantTimeCryptoComparison.java:49:45:49:47 | tag |
nodes
| NotConstantTimeCryptoComparison.java:15:28:15:44 | doFinal(...) : byte[] | semmle.label | doFinal(...) : byte[] |
| NotConstantTimeCryptoComparison.java:16:43:16:51 | actualMac | semmle.label | actualMac |
| NotConstantTimeCryptoComparison.java:31:28:31:40 | sign(...) : byte[] | semmle.label | sign(...) : byte[] |
| NotConstantTimeCryptoComparison.java:32:40:32:48 | signature | semmle.label | signature |
| NotConstantTimeCryptoComparison.java:48:22:48:46 | doFinal(...) : byte[] | semmle.label | doFinal(...) : byte[] |
| NotConstantTimeCryptoComparison.java:49:45:49:47 | tag | semmle.label | tag |
#select
| NotConstantTimeCryptoComparison.java:16:43:16:51 | actualMac | NotConstantTimeCryptoComparison.java:15:28:15:44 | doFinal(...) : byte[] | NotConstantTimeCryptoComparison.java:16:43:16:51 | actualMac | Using a non-constant time algorithm for comparing results of a cryptographic operation. |
| NotConstantTimeCryptoComparison.java:32:40:32:48 | signature | NotConstantTimeCryptoComparison.java:31:28:31:40 | sign(...) : byte[] | NotConstantTimeCryptoComparison.java:32:40:32:48 | signature | Using a non-constant time algorithm for comparing results of a cryptographic operation. |
| NotConstantTimeCryptoComparison.java:49:45:49:47 | tag | NotConstantTimeCryptoComparison.java:48:22:48:46 | doFinal(...) : byte[] | NotConstantTimeCryptoComparison.java:49:45:49:47 | tag | Using a non-constant time algorithm for comparing results of a cryptographic operation. |
